// Jest Snapshot v1, https://goo.gl/fbAQLP

exports[`test BarItem 1`] = `
<li>
  <styled.div>
    <styled.p>
      90%
    </styled.p>
    <styled.span
      progress={90}
    />
  </styled.div>
</li>
`;
